- Downloading configuration data of your Firebase WEB app
√ Downloading configuration data of your Firebase WEB app
[+] Admin Token fetched.
- Downloading configuration data of your Firebase WEB app
√ Downloading configuration data of your Firebase WEB app
- Downloading configuration data of your Firebase WEB app
√ Downloading configuration data of your Firebase WEB app
- Downloading configuration data of your Firebase WEB app
√ Downloading configuration data of your Firebase WEB app
- Downloading configuration data of your Firebase WEB app
√ Downloading configuration data of your Firebase WEB app
- Downloading configuration data of your Firebase WEB app
√ Downloading configuration data of your Firebase WEB app
- Downloading configuration data of your Firebase WEB app
√ Downloading configuration data of your Firebase WEB app
- Downloading configuration data of your Firebase WEB app
√ Downloading configuration data of your Firebase WEB app
- Downloading configuration data of your Firebase WEB app
√ Downloading configuration data of your Firebase WEB app
- Downloading configuration data of your Firebase WEB app
√ Downloading configuration data of your Firebase WEB app
- Downloading configuration data of your Firebase WEB app
√ Downloading configuration data of your Firebase WEB app
[+] AI Tokens generated.
[+] Starting 360 Periods...
[+] Executing P308...
[HTTP] Calling createEconomicBatch...
[HTTP] Calling dispatchBatchChunks...
[+] Executing P309...
[HTTP] Calling createEconomicBatch...
[HTTP] Calling dispatchBatchChunks...
[+] Executing P310...
[+] P310: Generating AI Actions...
[HTTP] Calling purchasePrimaryProperty...
[HTTP] Calling purchasePrimaryProperty...
[HTTP] Calling purchasePrimaryProperty...
[HTTP ERROR] purchasePrimaryProperty attempt 1 failed: Insufficient cash
[HTTP ERROR] purchasePrimaryProperty attempt 1 failed: Insufficient cash
[HTTP ERROR] purchasePrimaryProperty attempt 1 failed: Insufficient cash
[HTTP] Calling purchasePrimaryProperty...
[HTTP] Calling purchasePrimaryProperty...
[HTTP] Calling purchasePrimaryProperty...
[HTTP ERROR] purchasePrimaryProperty attempt 2 failed: Insufficient cash
[HTTP ERROR] purchasePrimaryProperty attempt 2 failed: Insufficient cash
[HTTP ERROR] purchasePrimaryProperty attempt 2 failed: Insufficient cash
[HTTP] Calling purchasePrimaryProperty...
[HTTP] Calling purchasePrimaryProperty...
[HTTP] Calling purchasePrimaryProperty...
[HTTP ERROR] purchasePrimaryProperty attempt 3 failed: Insufficient cash
Action Error: Insufficient cash
[HTTP ERROR] purchasePrimaryProperty attempt 3 failed: Insufficient cash
Action Error: Insufficient cash
[HTTP ERROR] purchasePrimaryProperty attempt 3 failed: Insufficient cash
Action Error: Insufficient cash
[HTTP] Calling createEconomicBatch...
[HTTP] Calling dispatchBatchChunks...
[+] Executing P311...
[HTTP] Calling createEconomicBatch...
[HTTP] Calling dispatchBatchChunks...
[+] Executing P312...
[HTTP] Calling createEconomicBatch...
[HTTP] Calling dispatchBatchChunks...
[+] Executing P313...
[HTTP] Calling createEconomicBatch...
[HTTP] Calling dispatchBatchChunks...
[+] Executing P314...
[HTTP] Calling createEconomicBatch...
[HTTP] Calling dispatchBatchChunks...
[+] Executing P315...
[HTTP] Calling createEconomicBatch...
[HTTP] Calling dispatchBatchChunks...
[+] Executing P316...
[HTTP] Calling createEconomicBatch...
[HTTP] Calling dispatchBatchChunks...
[+] Executing P317...
[HTTP] Calling createEconomicBatch...
[HTTP] Calling dispatchBatchChunks...
[+] Executing P318...
[HTTP] Calling createEconomicBatch...
[HTTP] Calling dispatchBatchChunks...
[+] Executing P319...
[HTTP] Calling createEconomicBatch...
[HTTP] Calling dispatchBatchChunks...
[+] Executing P320...
[+] P320: Generating AI Actions...
[HTTP] Calling purchasePrimaryProperty...
[HTTP] Calling purchasePrimaryProperty...
[HTTP] Calling purchasePrimaryProperty...
[HTTP ERROR] purchasePrimaryProperty attempt 1 failed: Insufficient cash
[HTTP ERROR] purchasePrimaryProperty attempt 1 failed: Insufficient cash
[HTTP ERROR] purchasePrimaryProperty attempt 1 failed: Insufficient cash
[HTTP] Calling purchasePrimaryProperty...
[HTTP] Calling purchasePrimaryProperty...
[HTTP] Calling purchasePrimaryProperty...
[HTTP ERROR] purchasePrimaryProperty attempt 2 failed: Insufficient cash
[HTTP ERROR] purchasePrimaryProperty attempt 2 failed: Insufficient cash
[HTTP ERROR] purchasePrimaryProperty attempt 2 failed: Insufficient cash
[HTTP] Calling purchasePrimaryProperty...
[HTTP] Calling purchasePrimaryProperty...
[HTTP] Calling purchasePrimaryProperty...
[HTTP ERROR] purchasePrimaryProperty attempt 3 failed: Insufficient cash
Action Error: Insufficient cash
[HTTP ERROR] purchasePrimaryProperty attempt 3 failed: Insufficient cash
Action Error: Insufficient cash
[HTTP ERROR] purchasePrimaryProperty attempt 3 failed: Insufficient cash
Action Error: Insufficient cash
[HTTP] Calling createEconomicBatch...
[HTTP] Calling dispatchBatchChunks...
[+] Executing P321...
[HTTP] Calling createEconomicBatch...
[HTTP] Calling dispatchBatchChunks...
[+] Executing P322...
[HTTP] Calling createEconomicBatch...
[HTTP] Calling dispatchBatchChunks...
[+] Executing P323...
[HTTP] Calling createEconomicBatch...
[HTTP] Calling dispatchBatchChunks...
[+] Executing P324...
[HTTP] Calling createEconomicBatch...
[HTTP] Calling dispatchBatchChunks...
[+] Executing P325...
[HTTP] Calling createEconomicBatch...
[HTTP] Calling dispatchBatchChunks...
[+] Executing P326...
[HTTP] Calling createEconomicBatch...
[HTTP] Calling dispatchBatchChunks...
[+] Executing P327...
[HTTP] Calling createEconomicBatch...
[HTTP] Calling dispatchBatchChunks...
[+] Executing P328...
[HTTP] Calling createEconomicBatch...
[HTTP] Calling dispatchBatchChunks...
[+] Executing P329...
[HTTP] Calling createEconomicBatch...
[HTTP] Calling dispatchBatchChunks...
[+] Executing P330...
[+] P330: Generating AI Actions...
[HTTP] Calling purchasePrimaryProperty...
[HTTP] Calling purchasePrimaryProperty...
[HTTP] Calling purchasePrimaryProperty...
[HTTP ERROR] purchasePrimaryProperty attempt 1 failed: Insufficient supply
[HTTP ERROR] purchasePrimaryProperty attempt 1 failed: Insufficient cash
[HTTP ERROR] purchasePrimaryProperty attempt 1 failed: Insufficient supply
[HTTP] Calling purchasePrimaryProperty...
[HTTP] Calling purchasePrimaryProperty...
[HTTP] Calling purchasePrimaryProperty...
[HTTP ERROR] purchasePrimaryProperty attempt 2 failed: Insufficient cash
[HTTP ERROR] purchasePrimaryProperty attempt 2 failed: Insufficient supply
[HTTP ERROR] purchasePrimaryProperty attempt 2 failed: Insufficient supply
[HTTP] Calling purchasePrimaryProperty...
[HTTP] Calling purchasePrimaryProperty...
[HTTP] Calling purchasePrimaryProperty...
[HTTP ERROR] purchasePrimaryProperty attempt 3 failed: Insufficient cash
Action Error: Insufficient cash
[HTTP ERROR] purchasePrimaryProperty attempt 3 failed: Insufficient supply
Action Error: Insufficient supply
[HTTP ERROR] purchasePrimaryProperty attempt 3 failed: Insufficient supply
Action Error: Insufficient supply
[HTTP] Calling createEconomicBatch...
[HTTP] Calling dispatchBatchChunks...
[+] Passed Period 330/360
[+] Executing P331...
[HTTP] Calling createEconomicBatch...
[HTTP] Calling dispatchBatchChunks...
[+] Executing P332...
[HTTP] Calling createEconomicBatch...
[HTTP] Calling dispatchBatchChunks...
[+] Executing P333...
[HTTP] Calling createEconomicBatch...
[HTTP] Calling dispatchBatchChunks...
[+] Executing P334...
[HTTP] Calling createEconomicBatch...
[HTTP] Calling dispatchBatchChunks...
[+] Executing P335...
[HTTP] Calling createEconomicBatch...
[HTTP] Calling dispatchBatchChunks...
[+] Executing P336...
[HTTP] Calling createEconomicBatch...
[HTTP] Calling dispatchBatchChunks...
[+] Executing P337...
[HTTP] Calling createEconomicBatch...
[HTTP] Calling dispatchBatchChunks...
[+] Executing P338...
[HTTP] Calling createEconomicBatch...
[HTTP] Calling dispatchBatchChunks...
[+] Executing P339...
[HTTP] Calling createEconomicBatch...
[HTTP] Calling dispatchBatchChunks...
[+] Executing P340...
[+] P340: Generating AI Actions...
[HTTP] Calling purchasePrimaryProperty...
[HTTP] Calling purchasePrimaryProperty...
[HTTP] Calling purchasePrimaryProperty...
[HTTP ERROR] purchasePrimaryProperty attempt 1 failed: Insufficient cash
[HTTP ERROR] purchasePrimaryProperty attempt 1 failed: Insufficient cash
[HTTP ERROR] purchasePrimaryProperty attempt 1 failed: Insufficient cash
[HTTP] Calling purchasePrimaryProperty...
[HTTP] Calling purchasePrimaryProperty...
[HTTP] Calling purchasePrimaryProperty...
[HTTP ERROR] purchasePrimaryProperty attempt 2 failed: Insufficient cash
[HTTP ERROR] purchasePrimaryProperty attempt 2 failed: Insufficient cash
[HTTP ERROR] purchasePrimaryProperty attempt 2 failed: Insufficient cash
[HTTP] Calling purchasePrimaryProperty...
[HTTP] Calling purchasePrimaryProperty...
[HTTP] Calling purchasePrimaryProperty...
[HTTP ERROR] purchasePrimaryProperty attempt 3 failed: Insufficient cash
Action Error: Insufficient cash
[HTTP ERROR] purchasePrimaryProperty attempt 3 failed: Insufficient cash
Action Error: Insufficient cash
[HTTP ERROR] purchasePrimaryProperty attempt 3 failed: Insufficient cash
Action Error: Insufficient cash
[HTTP] Calling createEconomicBatch...
[HTTP] Calling dispatchBatchChunks...
[+] Executing P341...
[HTTP] Calling createEconomicBatch...
[HTTP] Calling dispatchBatchChunks...
[+] Executing P342...
[HTTP] Calling createEconomicBatch...
[HTTP] Calling dispatchBatchChunks...
[+] Executing P343...
[HTTP] Calling createEconomicBatch...
[HTTP] Calling dispatchBatchChunks...
[+] Executing P344...
[HTTP] Calling createEconomicBatch...
[HTTP] Calling dispatchBatchChunks...
[+] Executing P345...
[HTTP] Calling createEconomicBatch...
[HTTP] Calling dispatchBatchChunks...
[+] Executing P346...
[HTTP] Calling createEconomicBatch...
[HTTP] Calling dispatchBatchChunks...
[+] Executing P347...
[HTTP] Calling createEconomicBatch...
[HTTP] Calling dispatchBatchChunks...
[+] Executing P348...
[HTTP] Calling createEconomicBatch...
[HTTP] Calling dispatchBatchChunks...
[+] Executing P349...
[HTTP] Calling createEconomicBatch...
[HTTP] Calling dispatchBatchChunks...
[+] Executing P350...
[+] P350: Generating AI Actions...
[HTTP] Calling purchasePrimaryProperty...
[HTTP] Calling purchasePrimaryProperty...
[HTTP] Calling purchasePrimaryProperty...
[HTTP ERROR] purchasePrimaryProperty attempt 1 failed: Insufficient cash
[HTTP ERROR] purchasePrimaryProperty attempt 1 failed: Insufficient cash
[HTTP ERROR] purchasePrimaryProperty attempt 1 failed: Insufficient cash
[HTTP] Calling purchasePrimaryProperty...
[HTTP] Calling purchasePrimaryProperty...
[HTTP] Calling purchasePrimaryProperty...
[HTTP ERROR] purchasePrimaryProperty attempt 2 failed: Insufficient cash
[HTTP ERROR] purchasePrimaryProperty attempt 2 failed: Insufficient cash
[HTTP ERROR] purchasePrimaryProperty attempt 2 failed: Insufficient cash
[HTTP] Calling purchasePrimaryProperty...
[HTTP] Calling purchasePrimaryProperty...
[HTTP] Calling purchasePrimaryProperty...
[HTTP ERROR] purchasePrimaryProperty attempt 3 failed: Insufficient cash
Action Error: Insufficient cash
[HTTP ERROR] purchasePrimaryProperty attempt 3 failed: Insufficient cash
Action Error: Insufficient cash
[HTTP ERROR] purchasePrimaryProperty attempt 3 failed: Insufficient cash
Action Error: Insufficient cash
[HTTP] Calling createEconomicBatch...
[HTTP] Calling dispatchBatchChunks...
[+] Executing P351...
[HTTP] Calling createEconomicBatch...
[HTTP] Calling dispatchBatchChunks...
[+] Executing P352...
[HTTP] Calling createEconomicBatch...
[HTTP] Calling dispatchBatchChunks...
[+] Executing P353...
[HTTP] Calling createEconomicBatch...
[HTTP] Calling dispatchBatchChunks...
[+] Executing P354...
[HTTP] Calling createEconomicBatch...
[HTTP] Calling dispatchBatchChunks...
[+] Executing P355...
[HTTP] Calling createEconomicBatch...
[HTTP] Calling dispatchBatchChunks...
[+] Executing P356...
[HTTP] Calling createEconomicBatch...
[HTTP] Calling dispatchBatchChunks...
[+] Executing P357...
[HTTP] Calling createEconomicBatch...
[HTTP] Calling dispatchBatchChunks...
[+] Executing P358...
[HTTP] Calling createEconomicBatch...
[HTTP] Calling dispatchBatchChunks...
[+] Executing P359...
[HTTP] Calling createEconomicBatch...
[HTTP] Calling dispatchBatchChunks...
[+] Executing P360...
[+] P360: Generating AI Actions...
[HTTP] Calling purchasePrimaryProperty...
[HTTP] Calling purchasePrimaryProperty...
[HTTP] Calling purchasePrimaryProperty...
[HTTP ERROR] purchasePrimaryProperty attempt 1 failed: Insufficient cash
[HTTP ERROR] purchasePrimaryProperty attempt 1 failed: Insufficient cash
[HTTP ERROR] purchasePrimaryProperty attempt 1 failed: Insufficient cash
[HTTP] Calling purchasePrimaryProperty...
[HTTP] Calling purchasePrimaryProperty...
[HTTP] Calling purchasePrimaryProperty...
[HTTP ERROR] purchasePrimaryProperty attempt 2 failed: Insufficient cash
[HTTP ERROR] purchasePrimaryProperty attempt 2 failed: Insufficient cash
[HTTP ERROR] purchasePrimaryProperty attempt 2 failed: Insufficient cash
[HTTP] Calling purchasePrimaryProperty...
[HTTP] Calling purchasePrimaryProperty...
[HTTP] Calling purchasePrimaryProperty...
[HTTP ERROR] purchasePrimaryProperty attempt 3 failed: Insufficient cash
Action Error: Insufficient cash
[HTTP ERROR] purchasePrimaryProperty attempt 3 failed: Insufficient cash
Action Error: Insufficient cash
[HTTP ERROR] purchasePrimaryProperty attempt 3 failed: Insufficient cash
Action Error: Insufficient cash
[HTTP] Calling createEconomicBatch...
[HTTP] Calling dispatchBatchChunks...
[+] Passed Period 360/360
[+] Validating Traceability...
[+] Test L10 Completed
